MemTotal:       32808612 kB
MemFree:        22483524 kB
MemAvailable:   27254992 kB
Buffers:          283192 kB
Cached:          4890380 kB
SwapCached:            0 kB
Active:          1656072 kB
Inactive:        7422108 kB
Active(anon):       3072 kB
Inactive(anon):  4018460 kB
Active(file):    1653000 kB
Inactive(file):  3403648 kB
Unevictable:          72 kB
Mlocked:              72 kB
SwapTotal:             0 kB
SwapFree:              0 kB
Zswap:                 0 kB
Zswapped:              0 kB
Dirty:               628 kB
Writeback:             0 kB
AnonPages:       3901592 kB
Mapped:           470648 kB
Shmem:            116924 kB
KReclaimable:     163872 kB
Slab:             245640 kB
SReclaimable:     163872 kB
SUnreclaim:        81768 kB
KernelStack:       17808 kB
PageTables:        48004 kB
SecPageTables:         0 kB
NFS_Unstable:          0 kB
Bounce:                0 kB
WritebackTmp:          0 kB
CommitLimit:    16404304 kB
Committed_AS:    9383080 kB
VmallocTotal:   34359738367 kB
VmallocUsed:       47008 kB
VmallocChunk:          0 kB
Percpu:             2112 kB
HardwareCorrupted:     0 kB
AnonHugePages:     24576 kB
ShmemHugePages:        0 kB
ShmemPmdMapped:        0 kB
FileHugePages:         0 kB
FilePmdMapped:         0 kB
CmaTotal:              0 kB
CmaFree:               0 kB
HugePages_Total:       0
HugePages_Free:        0
HugePages_Rsvd:        0
HugePages_Surp:        0
Hugepagesize:       2048 kB
Hugetlb:               0 kB
DirectMap4k:      162460 kB
DirectMap2M:     6070272 kB
DirectMap1G:    28311552 kB
